------------------------------------------------------------
Timing Analyzer Summary
------------------------------------------------------------

Type  : Slow 1200mV 85C Model Setup 'CLK'
Slack : -4.518
TNS   : -50.803

Type  : Slow 1200mV 85C Model Setup 'divisor:inst|CLK'
Slack : -0.390
TNS   : -1.086

Type  : Slow 1200mV 85C Model Hold 'divisor:inst|CLK'
Slack : 0.341
TNS   : 0.000

Type  : Slow 1200mV 85C Model Hold 'CLK'
Slack : 0.418
TNS   : 0.000

Type  : Slow 1200mV 85C Model Minimum Pulse Width 'CLK'
Slack : -3.000
TNS   : -39.478

Type  : Slow 1200mV 85C Model Minimum Pulse Width 'divisor:inst|CLK'
Slack : -1.403
TNS   : -7.015

Type  : Slow 1200mV 0C Model Setup 'CLK'
Slack : -4.107
TNS   : -43.927

Type  : Slow 1200mV 0C Model Setup 'divisor:inst|CLK'
Slack : -0.278
TNS   : -0.640

Type  : Slow 1200mV 0C Model Hold 'divisor:inst|CLK'
Slack : 0.307
TNS   : 0.000

Type  : Slow 1200mV 0C Model Hold 'CLK'
Slack : 0.385
TNS   : 0.000

Type  : Slow 1200mV 0C Model Minimum Pulse Width 'CLK'
Slack : -3.000
TNS   : -39.478

Type  : Slow 1200mV 0C Model Minimum Pulse Width 'divisor:inst|CLK'
Slack : -1.403
TNS   : -7.015

Type  : Fast 1200mV 0C Model Setup 'CLK'
Slack : -1.402
TNS   : -7.099

Type  : Fast 1200mV 0C Model Setup 'divisor:inst|CLK'
Slack : 0.428
TNS   : 0.000

Type  : Fast 1200mV 0C Model Hold 'divisor:inst|CLK'
Slack : 0.148
TNS   : 0.000

Type  : Fast 1200mV 0C Model Hold 'CLK'
Slack : 0.166
TNS   : 0.000

Type  : Fast 1200mV 0C Model Minimum Pulse Width 'CLK'
Slack : -3.000
TNS   : -29.650

Type  : Fast 1200mV 0C Model Minimum Pulse Width 'divisor:inst|CLK'
Slack : -1.000
TNS   : -5.000

------------------------------------------------------------
